2024-11-27T17:18:57.969746-0500 Starting IgBLAST preprocessing.
2024-11-27T17:18:57.970229-0500 Loading file: data/igblast_results.tsv
2024-11-27T17:18:58.159602-0500 Normalizing gene calls by removing alleles.
2024-11-27T17:18:58.181348-0500 Computing CDR3 region lengths.
2024-11-27T17:18:58.187644-0500 Converting comma-separated gene calls into sets.
2024-11-27T17:18:58.226047-0500 Preprocessing completed successfully.
2024-11-27T17:18:58.226536-0500 Initializing Hamming graph computation...
2024-11-27T17:19:04.815238-0500 Total sequence pairs to process: 49995000
2024-11-27T17:21:17.289335-0500 Hamming graph successfully saved to cache.
2024-11-27T17:21:17.289946-0500 Hamming graph computation completed.
2024-11-27T17:21:18.417452-0500 Extracting clonal lineages from the Hamming graph.
2024-11-27T17:21:18.420695-0500 Identified 623 clonal lineages.
2024-11-27T17:21:18.421293-0500 Starting computation of clonal lineage statistics.
2024-11-27T17:21:18.421731-0500 Assigning clonal lineages to sequences in the IgBLAST result.
2024-11-27T17:21:21.642726-0500 Grouping sequences by clonal lineage and filtering lineages with at least 10 sequences.
2024-11-27T17:21:21.660912-0500 Completed computation of clonal lineage statistics.
2024-11-27T17:21:26.684107-0500 Computing usage statistics for V genes.
2024-11-27T17:21:26.684567-0500 Mapping nodes to their respective clonal lineages.
2024-11-27T17:21:26.689368-0500 Counting V gene usage.
2024-11-27T17:21:26.693069-0500 Caching usage statistics.
2024-11-27T17:21:26.693756-0500 Cached usage statistics.
2024-11-27T17:21:26.694458-0500 Starting to plot usage statistics.
2024-11-27T17:21:27.255022-0500 Displaying the plot interactively.
2024-11-27T17:21:30.744581-0500 Plotting completed successfully.
2024-11-27T17:21:30.744991-0500 Extracting amino acid sequences from the largest clonal lineage.
2024-11-27T18:10:19.091728-0500 Starting IgBLAST preprocessing.
2024-11-27T18:10:19.093566-0500 Loading file: data/igblast_results.tsv
2024-11-27T18:10:19.305127-0500 Normalizing gene calls by removing alleles.
2024-11-27T18:10:19.327966-0500 Computing CDR3 region lengths.
2024-11-27T18:10:19.334990-0500 Converting comma-separated gene calls into sets.
2024-11-27T18:10:19.367902-0500 Preprocessing completed successfully.
2024-11-27T18:10:19.368380-0500 Loading Hamming graph from cache...
2024-11-27T18:10:19.375631-0500 Hamming graph successfully loaded from cache.
2024-11-27T18:10:19.376054-0500 Extracting clonal lineages from the Hamming graph.
2024-11-27T18:10:19.380239-0500 Identified 623 clonal lineages.
2024-11-27T18:10:19.380651-0500 Starting computation of clonal lineage statistics.
2024-11-27T18:10:19.381202-0500 Assigning clonal lineages to sequences in the IgBLAST result.
2024-11-27T18:10:22.873026-0500 Grouping sequences by clonal lineage and filtering lineages with at least 10 sequences.
2024-11-27T18:10:22.889447-0500 Completed computation of clonal lineage statistics.
2024-11-27T18:10:25.437516-0500 Computing usage statistics for V genes.
2024-11-27T18:10:25.437906-0500 Loading usage statistics from cache.
2024-11-27T18:10:25.447439-0500 Loaded usage statistics from cache.
2024-11-27T18:10:25.447942-0500 Starting to plot usage statistics.
2024-11-27T18:10:26.057720-0500 Displaying the plot interactively.
2024-11-27T18:10:28.084198-0500 Plotting completed successfully.
2024-11-27T18:10:28.093813-0500 Extracting amino acid sequences from the largest clonal lineage.
2024-11-27T18:12:26.606077-0500 Starting IgBLAST preprocessing.
2024-11-27T18:12:26.606516-0500 Loading file: data/igblast_results.tsv
2024-11-27T18:12:26.785036-0500 Normalizing gene calls by removing alleles.
2024-11-27T18:12:26.811004-0500 Computing CDR3 region lengths.
2024-11-27T18:12:26.813763-0500 Converting comma-separated gene calls into sets.
2024-11-27T18:12:26.858833-0500 Preprocessing completed successfully.
2024-11-27T18:12:26.859312-0500 Loading Hamming graph from cache...
2024-11-27T18:12:26.865376-0500 Hamming graph successfully loaded from cache.
2024-11-27T18:12:26.865959-0500 Extracting clonal lineages from the Hamming graph.
2024-11-27T18:12:26.870373-0500 Identified 623 clonal lineages.
2024-11-27T18:12:26.870712-0500 Starting computation of clonal lineage statistics.
2024-11-27T18:12:26.871073-0500 Assigning clonal lineages to sequences in the IgBLAST result.
2024-11-27T18:12:29.996118-0500 Grouping sequences by clonal lineage and filtering lineages with at least 10 sequences.
2024-11-27T18:12:30.003119-0500 Completed computation of clonal lineage statistics.
2024-11-27T18:12:31.608834-0500 Computing usage statistics for V genes.
2024-11-27T18:12:31.609205-0500 Loading usage statistics from cache.
2024-11-27T18:12:31.609446-0500 Loaded usage statistics from cache.
2024-11-27T18:12:31.609713-0500 Starting to plot usage statistics.
2024-11-27T18:12:32.197537-0500 Displaying the plot interactively.
2024-11-27T18:12:51.356499-0500 Plotting completed successfully.
2024-11-27T18:12:51.356997-0500 Extracting amino acid sequences from the largest clonal lineage.
2024-11-27T18:14:14.922341-0500 Starting IgBLAST preprocessing.
2024-11-27T18:14:14.922721-0500 Loading file: data/igblast_results.tsv
2024-11-27T18:14:15.122394-0500 Normalizing gene calls by removing alleles.
2024-11-27T18:14:15.150866-0500 Computing CDR3 region lengths.
2024-11-27T18:14:15.153957-0500 Converting comma-separated gene calls into sets.
2024-11-27T18:14:15.200837-0500 Preprocessing completed successfully.
2024-11-27T18:14:15.201294-0500 Loading Hamming graph from cache...
2024-11-27T18:14:15.206948-0500 Hamming graph successfully loaded from cache.
2024-11-27T18:14:15.207483-0500 Extracting clonal lineages from the Hamming graph.
2024-11-27T18:14:15.211988-0500 Identified 623 clonal lineages.
2024-11-27T18:14:15.212383-0500 Starting computation of clonal lineage statistics.
2024-11-27T18:14:15.212659-0500 Assigning clonal lineages to sequences in the IgBLAST result.
2024-11-27T18:14:19.092510-0500 Grouping sequences by clonal lineage and filtering lineages with at least 10 sequences.
2024-11-27T18:14:19.099710-0500 Completed computation of clonal lineage statistics.
2024-11-27T18:14:21.973297-0500 Computing usage statistics for V genes.
2024-11-27T18:14:21.973729-0500 Loading usage statistics from cache.
2024-11-27T18:14:21.974070-0500 Loaded usage statistics from cache.
2024-11-27T18:14:21.974446-0500 Starting to plot usage statistics.
2024-11-27T18:14:22.550299-0500 Displaying the plot interactively.
2024-11-27T18:46:57.172943-0500 Plotting completed successfully.
2024-11-27T18:46:57.197352-0500 Extracting amino acid sequences from the largest clonal lineage.
2026-09-17T14:11:55.719089+0900 Starting IgBLAST preprocessing.
2026-09-17T14:11:55.730484+0900 Loading file: data/igblast_results.tsv
2026-09-17T14:11:55.893980+0900 Normalizing gene calls by removing alleles.
2026-09-17T14:11:55.911418+0900 Computing CDR3 region lengths.
2026-09-17T14:11:55.913017+0900 Converting comma-separated gene calls into sets.
2026-09-17T14:11:55.945371+0900 Preprocessing completed successfully.
2026-09-17T14:11:55.945926+0900 Initializing Hamming graph computation...
2026-09-17T14:11:56.217801+0900 Compared 33,151 candidate pairs (2,477 unique CDR3s from 10,000 sequences).
2026-09-17T14:11:56.218935+0900 Graph has 2,477 nodes and 11,294 edges.
2026-09-17T14:11:56.225391+0900 Hamming graph successfully saved to cache.
2026-09-17T14:11:56.226529+0900 Hamming graph computation completed.
2026-09-17T14:11:56.226807+0900 Extracting clonal lineages from the Hamming graph.
2026-09-17T14:11:56.230103+0900 Identified 623 clonal lineages.
2026-09-17T14:11:56.230342+0900 Starting computation of clonal lineage statistics.
2026-09-17T14:11:56.230611+0900 Assigning clonal lineages to sequences in the IgBLAST result.
2026-09-17T14:11:57.994834+0900 Grouping sequences by clonal lineage and filtering lineages with at least 10 sequences.
2026-09-17T14:11:58.000124+0900 Completed computation of clonal lineage statistics.
2026-09-17T14:11:58.273259+0900 Plot saved to file: plots/clonal_lineage_stats.png
2026-09-17T14:11:58.274060+0900 Computing usage statistics for V genes.
2026-09-17T14:11:58.274301+0900 Mapping nodes to their respective clonal lineages.
2026-09-17T14:11:58.281151+0900 Counting V gene usage.
2026-09-17T14:11:58.288723+0900 Caching usage statistics.
2026-09-17T14:11:58.289410+0900 Cached usage statistics.
2026-09-17T14:11:58.289813+0900 Starting to plot usage statistics.
2026-09-17T14:11:58.668230+0900 No display available; skipping interactive show.
2026-09-17T14:11:59.143430+0900 Plot saved to file: plots/usage_plot.png
2026-09-17T14:11:59.143930+0900 Plotting completed successfully.
2026-09-17T14:11:59.144237+0900 Extracting amino acid sequences from the largest clonal lineage.
2026-09-17T14:11:59.149136+0900 Amino acid sequences saved to weblogo_query.txt in the data directory.
